---
http_interactions:
- request:
    method: get
    uri: https://api.openweathermap.org/data/3.0/onecall?appid=appid&exclude=minutely&lat=39.73&lon=-104.98&units=imperial
    body:
      encoding: US-ASCII
      string: ''
    headers:
      User-Agent:
      - Faraday v2.5.2
      Accept-Encoding:
      - gzip;q=1.0,deflate;q=0.6,identity;q=0.3
      Accept:
      - "*/*"
  response:
    status:
      code: 200
      message: OK
    headers:
      Server:
      - openresty
      Date:
      - Mon, 26 Sep 2022 20:06:55 GMT
      Content-Type:
      - application/json; charset=utf-8
      Content-Length:
      - '17500'
      Connection:
      - keep-alive
      X-Cache-Key:
      - "/data/3.0/onecall?exclude=minutely&lat=39.73&lon=-104.98&units=imperial"
      Access-Control-Allow-Origin:
      - "*"
      Access-Control-Allow-Credentials:
      - 'true'
      Access-Control-Allow-Methods:
      - GET, POST
    body:
      encoding: UTF-8
      string: '{"lat":39.73,"lon":-104.98,"timezone":"America/Denver","timezone_offset":-21600,"current":{"dt":1664222815,"sunrise":1664196678,"sunset":1664239865,"temp":79.63,"feels_like":79.63,"pressure":1020,"humidity":23,"dew_point":38.61,"uvi":5.95,"clouds":20,"visibility":10000,"wind_speed":10.36,"wind_deg":360,"weather":[{"id":801,"main":"Clouds","description":"few
        clouds","icon":"02d"}]},"hourly":[{"dt":1664222400,"temp":79.63,"feels_like":79.63,"pressure":1020,"humidity":23,"dew_point":38.61,"uvi":5.95,"clouds":20,"visibility":10000,"wind_speed":5.3,"wind_deg":58,"wind_gust":4.85,"weather":[{"id":801,"main":"Clouds","description":"few
        clouds","icon":"02d"}],"pop":0},{"dt":1664226000,"temp":80.01,"feels_like":78.64,"pressure":1019,"humidity":21,"dew_point":36.61,"uvi":4.48,"clouds":16,"visibility":10000,"wind_speed":4.88,"wind_deg":60,"wind_gust":4.56,"weather":[{"id":801,"main":"Clouds","description":"few
        clouds","icon":"02d"}],"pop":0},{"dt":1664229600,"temp":80.42,"feels_like":78.8,"pressure":1018,"humidity":19,"dew_point":34.43,"uvi":2.71,"clouds":12,"visibility":10000,"wind_speed":5.86,"wind_deg":63,"wind_gust":5.19,"weather":[{"id":801,"main":"Clouds","description":"few
        clouds","icon":"02d"}],"pop":0},{"dt":1664233200,"temp":80.49,"feels_like":78.75,"pressure":1017,"humidity":17,"dew_point":31.77,"uvi":1.16,"clouds":8,"visibility":10000,"wind_speed":6.64,"wind_deg":64,"wind_gust":5.37,"weather":[{"id":800,"main":"Clear","description":"clear
        sky","icon":"01d"}],"pop":0},{"dt":1664236800,"temp":79.59,"feels_like":79.59,"pressure":1016,"humidity":16,"dew_point":29.8,"uvi":0.28,"clouds":4,"visibility":10000,"wind_speed":6.73,"wind_deg":76,"wind_gust":5.57,"weather":[{"id":800,"main":"Clear","description":"clear
        sky","icon":"01d"}],"pop":0},{"dt":1664240400,"temp":76.08,"feels_like":74.23,"pressure":1016,"humidity":18,"dew_point":28.98,"uvi":0,"clouds":3,"visibility":10000,"wind_speed":5.93,"wind_deg":108,"wind_gust":9.66,"weather":[{"id":800,"main":"Clear","description":"clear
        sky","icon":"01n"}],"pop":0},{"dt":1664244000,"temp":73.87,"feels_like":71.89,"pressure":1017,"humidity":20,"dew_point":29.89,"uvi":0,"clouds":3,"visibility":10000,"wind_speed":5.66,"wind_deg":139,"wind_gust":11.41,"weather":[{"id":800,"main":"Clear","description":"clear
        sky","icon":"01n"}],"pop":0},{"dt":1664247600,"temp":71.55,"feels_like":69.44,"pressure":1018,"humidity":22,"dew_point":30.65,"uvi":0,"clouds":4,"visibility":10000,"wind_speed":3.89,"wind_deg":131,"wind_gust":9.19,"weather":[{"id":800,"main":"Clear","description":"clear
        sky","icon":"01n"}],"pop":0},{"dt":1664251200,"temp":69.69,"feels_like":67.5,"pressure":1019,"humidity":24,"dew_point":30.9,"uvi":0,"clouds":3,"visibility":10000,"wind_speed":2.33,"wind_deg":94,"wind_gust":4.47,"weather":[{"id":800,"main":"Clear","description":"clear
        sky","icon":"01n"}],"pop":0},{"dt":1664254800,"temp":68.56,"feels_like":66.29,"pressure":1019,"humidity":25,"dew_point":30.94,"uvi":0,"clouds":2,"visibility":10000,"wind_speed":1.14,"wind_deg":7,"wind_gust":3.09,"weather":[{"id":800,"main":"Clear","description":"clear
        sky","icon":"01n"}],"pop":0},{"dt":1664258400,"temp":67.37,"feels_like":65.03,"pressure":1020,"humidity":26,"dew_point":31.08,"uvi":0,"clouds":2,"visibility":10000,"wind_speed":2.51,"wind_deg":323,"wind_gust":4.61,"weather":[{"id":800,"main":"Clear","description":"clear
        sky","icon":"01n"}],"pop":0},{"dt":1664262000,"temp":66.11,"feels_like":63.7,"pressure":1020,"humidity":27,"dew_point":30.78,"uvi":0,"clouds":0,"visibility":10000,"wind_speed":3.53,"wind_deg":341,"wind_gust":7.02,"weather":[{"id":800,"main":"Clear","description":"clear
        sky","icon":"01n"}],"pop":0},{"dt":1664265600,"temp":64.8,"feels_like":62.29,"pressure":1020,"humidity":28,"dew_point":30.56,"uvi":0,"clouds":0,"visibility":10000,"wind_speed":3.13,"wind_deg":354,"wind_gust":7.27,"weather":[{"id":800,"main":"Clear","description":"clear
        sky","icon":"01n"}],"pop":0},{"dt":1664269200,"temp":63.81,"feels_like":61.25,"pressure":1020,"humidity":29,"dew_point":30.42,"uvi":0,"clouds":1,"visibility":10000,"wind_speed":2.44,"wind_deg":348,"wind_gust":5.64,"weather":[{"id":800,"main":"Clear","description":"clear
        sky","icon":"01n"}],"pop":0},{"dt":1664272800,"temp":62.74,"feels_like":60.13,"pressure":1020,"humidity":30,"dew_point":30.36,"uvi":0,"clouds":2,"visibility":10000,"wind_speed":1.45,"wind_deg":328,"wind_gust":3.78,"weather":[{"id":800,"main":"Clear","description":"clear
        sky","icon":"01n"}],"pop":0},{"dt":1664276400,"temp":62.17,"feels_like":59.49,"pressure":1020,"humidity":30,"dew_point":30.47,"uvi":0,"clouds":2,"visibility":10000,"wind_speed":0.67,"wind_deg":287,"wind_gust":1.57,"weather":[{"id":800,"main":"Clear","description":"clear
        sky","icon":"01n"}],"pop":0},{"dt":1664280000,"temp":61.65,"feels_like":58.96,"pressure":1020,"humidity":31,"dew_point":30.45,"uvi":0,"clouds":1,"visibility":10000,"wind_speed":0.49,"wind_deg":303,"wind_gust":1.95,"weather":[{"id":800,"main":"Clear","description":"clear
        sky","icon":"01n"}],"pop":0},{"dt":1664283600,"temp":61.11,"feels_like":58.42,"pressure":1021,"humidity":32,"dew_point":30.63,"uvi":0,"clouds":2,"visibility":10000,"wind_speed":0.04,"wind_deg":105,"wind_gust":1.88,"weather":[{"id":800,"main":"Clear","description":"clear
        sky","icon":"01d"}],"pop":0},{"dt":1664287200,"temp":63.14,"feels_like":60.57,"pressure":1021,"humidity":30,"dew_point":30.85,"uvi":0.27,"clouds":8,"visibility":10000,"wind_speed":0.27,"wind_deg":65,"wind_gust":1.68,"weather":[{"id":800,"main":"Clear","description":"clear
        sky","icon":"01d"}],"pop":0},{"dt":1664290800,"temp":66.02,"feels_like":63.59,"pressure":1021,"humidity":27,"dew_point":30.7,"uvi":1.08,"clouds":31,"visibility":10000,"wind_speed":0.63,"wind_deg":113,"wind_gust":1.01,"weather":[{"id":802,"main":"Clouds","description":"scattered
        clouds","icon":"03d"}],"pop":0},{"dt":1664294400,"temp":68.94,"feels_like":66.65,"pressure":1021,"humidity":24,"dew_point":30.69,"uvi":2.36,"clouds":47,"visibility":10000,"wind_speed":1.9,"wind_deg":83,"wind_gust":1.61,"weather":[{"id":802,"main":"Clouds","description":"scattered
        clouds","icon":"03d"}],"pop":0},{"dt":1664298000,"temp":72.01,"feels_like":69.94,"pressure":1020,"humidity":22,"dew_point":30.7,"uvi":3.98,"clouds":57,"visibility":10000,"wind_speed":2.73,"wind_deg":96,"wind_gust":3.27,"weather":[{"id":803,"main":"Clouds","description":"broken
        clouds","icon":"04d"}],"pop":0},{"dt":1664301600,"temp":74.25,"feels_like":72.3,"pressure":1019,"humidity":20,"dew_point":30.97,"uvi":5.3,"clouds":64,"visibility":10000,"wind_speed":3.24,"wind_deg":100,"wind_gust":4.16,"weather":[{"id":803,"main":"Clouds","description":"broken
        clouds","icon":"04d"}],"pop":0},{"dt":1664305200,"temp":77.52,"feels_like":75.81,"pressure":1018,"humidity":18,"dew_point":30.74,"uvi":5.76,"clouds":100,"visibility":10000,"wind_speed":2.59,"wind_deg":56,"wind_gust":3.15,"weather":[{"id":804,"main":"Clouds","description":"overcast
        clouds","icon":"04d"}],"pop":0.04},{"dt":1664308800,"temp":78.91,"feels_like":78.91,"pressure":1017,"humidity":17,"dew_point":30.63,"uvi":5.25,"clouds":67,"visibility":10000,"wind_speed":5.32,"wind_deg":336,"wind_gust":5.23,"weather":[{"id":803,"main":"Clouds","description":"broken
        clouds","icon":"04d"}],"pop":0.15},{"dt":1664312400,"temp":78.12,"feels_like":76.62,"pressure":1016,"humidity":21,"dew_point":35.42,"uvi":3.95,"clouds":74,"visibility":10000,"wind_speed":11.81,"wind_deg":288,"wind_gust":9.71,"weather":[{"id":803,"main":"Clouds","description":"broken
        clouds","icon":"04d"}],"pop":0.19},{"dt":1664316000,"temp":74.84,"feels_like":73.24,"pressure":1017,"humidity":26,"dew_point":37.49,"uvi":2.51,"clouds":80,"visibility":10000,"wind_speed":15.35,"wind_deg":245,"wind_gust":14.29,"weather":[{"id":803,"main":"Clouds","description":"broken
        clouds","icon":"04d"}],"pop":0.32},{"dt":1664319600,"temp":72.5,"feels_like":70.92,"pressure":1018,"humidity":31,"dew_point":39.33,"uvi":1.07,"clouds":84,"visibility":10000,"wind_speed":11.95,"wind_deg":200,"wind_gust":14.38,"weather":[{"id":803,"main":"Clouds","description":"broken
        clouds","icon":"04d"}],"pop":0.48},{"dt":1664323200,"temp":69.33,"feels_like":67.8,"pressure":1019,"humidity":39,"dew_point":42.58,"uvi":0.26,"clouds":76,"visibility":10000,"wind_speed":14.45,"wind_deg":177,"wind_gust":19.26,"weather":[{"id":803,"main":"Clouds","description":"broken
        clouds","icon":"04d"}],"pop":0.52},{"dt":1664326800,"temp":67.12,"feels_like":65.61,"pressure":1020,"humidity":44,"dew_point":43.84,"uvi":0,"clouds":89,"visibility":10000,"wind_speed":13.73,"wind_deg":192,"wind_gust":21.43,"weather":[{"id":804,"main":"Clouds","description":"overcast
        clouds","icon":"04n"}],"pop":0.17},{"dt":1664330400,"temp":66.25,"feels_like":64.69,"pressure":1020,"humidity":45,"dew_point":43.84,"uvi":0,"clouds":85,"visibility":10000,"wind_speed":10.6,"wind_deg":178,"wind_gust":16.62,"weather":[{"id":804,"main":"Clouds","description":"overcast
        clouds","icon":"04n"}],"pop":0.21},{"dt":1664334000,"temp":65.35,"feels_like":63.81,"pressure":1021,"humidity":47,"dew_point":44.01,"uvi":0,"clouds":60,"visibility":10000,"wind_speed":8.77,"wind_deg":177,"wind_gust":12.12,"weather":[{"id":803,"main":"Clouds","description":"broken
        clouds","icon":"04n"}],"pop":0.21},{"dt":1664337600,"temp":64.65,"feels_like":63.07,"pressure":1021,"humidity":48,"dew_point":43.9,"uvi":0,"clouds":47,"visibility":10000,"wind_speed":7.45,"wind_deg":186,"wind_gust":10.8,"weather":[{"id":802,"main":"Clouds","description":"scattered
        clouds","icon":"03n"}],"pop":0.2},{"dt":1664341200,"temp":63.91,"feels_like":62.31,"pressure":1021,"humidity":49,"dew_point":43.66,"uvi":0,"clouds":42,"visibility":10000,"wind_speed":8.21,"wind_deg":181,"wind_gust":13.4,"weather":[{"id":802,"main":"Clouds","description":"scattered
        clouds","icon":"03n"}],"pop":0.16},{"dt":1664344800,"temp":62.96,"feels_like":61.3,"pressure":1021,"humidity":50,"dew_point":43.65,"uvi":0,"clouds":36,"visibility":10000,"wind_speed":8.08,"wind_deg":184,"wind_gust":13.22,"weather":[{"id":802,"main":"Clouds","description":"scattered
        clouds","icon":"03n"}],"pop":0.13},{"dt":1664348400,"temp":62.46,"feels_like":60.75,"pressure":1021,"humidity":50,"dew_point":43.36,"uvi":0,"clouds":2,"visibility":10000,"wind_speed":8.1,"wind_deg":185,"wind_gust":14.67,"weather":[{"id":800,"main":"Clear","description":"clear
        sky","icon":"01n"}],"pop":0},{"dt":1664352000,"temp":61.84,"feels_like":60.08,"pressure":1021,"humidity":50,"dew_point":42.76,"uvi":0,"clouds":3,"visibility":10000,"wind_speed":7.34,"wind_deg":191,"wind_gust":13.94,"weather":[{"id":800,"main":"Clear","description":"clear
        sky","icon":"01n"}],"pop":0},{"dt":1664355600,"temp":61.32,"feels_like":59.5,"pressure":1020,"humidity":50,"dew_point":42.26,"uvi":0,"clouds":2,"visibility":10000,"wind_speed":6.22,"wind_deg":188,"wind_gust":11.14,"weather":[{"id":800,"main":"Clear","description":"clear
        sky","icon":"01n"}],"pop":0},{"dt":1664359200,"temp":60.75,"feels_like":58.91,"pressure":1020,"humidity":51,"dew_point":41.95,"uvi":0,"clouds":2,"visibility":10000,"wind_speed":6.06,"wind_deg":186,"wind_gust":10.4,"weather":[{"id":800,"main":"Clear","description":"clear
        sky","icon":"01n"}],"pop":0},{"dt":1664362800,"temp":60.22,"feels_like":58.35,"pressure":1020,"humidity":51,"dew_point":41.81,"uvi":0,"clouds":3,"visibility":10000,"wind_speed":5.17,"wind_deg":198,"wind_gust":8.52,"weather":[{"id":800,"main":"Clear","description":"clear
        sky","icon":"01n"}],"pop":0},{"dt":1664366400,"temp":59.9,"feels_like":57.99,"pressure":1021,"humidity":51,"dew_point":41.36,"uvi":0,"clouds":4,"visibility":10000,"wind_speed":4.59,"wind_deg":199,"wind_gust":6.42,"weather":[{"id":800,"main":"Clear","description":"clear
        sky","icon":"01n"}],"pop":0},{"dt":1664370000,"temp":59.58,"feels_like":57.58,"pressure":1021,"humidity":50,"dew_point":40.62,"uvi":0,"clouds":1,"visibility":10000,"wind_speed":3.91,"wind_deg":214,"wind_gust":5.12,"weather":[{"id":800,"main":"Clear","description":"clear
        sky","icon":"01d"}],"pop":0},{"dt":1664373600,"temp":61.84,"feels_like":59.79,"pressure":1021,"humidity":44,"dew_point":39.43,"uvi":0.26,"clouds":3,"visibility":10000,"wind_speed":3.42,"wind_deg":214,"wind_gust":4.94,"weather":[{"id":800,"main":"Clear","description":"clear
        sky","icon":"01d"}],"pop":0},{"dt":1664377200,"temp":65.97,"feels_like":64,"pressure":1021,"humidity":37,"dew_point":38.39,"uvi":1.06,"clouds":4,"visibility":10000,"wind_speed":3.49,"wind_deg":197,"wind_gust":4.25,"weather":[{"id":800,"main":"Clear","description":"clear
        sky","icon":"01d"}],"pop":0},{"dt":1664380800,"temp":70.38,"feels_like":68.52,"pressure":1020,"humidity":30,"dew_point":37.49,"uvi":2.51,"clouds":5,"visibility":10000,"wind_speed":2.21,"wind_deg":183,"wind_gust":3.31,"weather":[{"id":800,"main":"Clear","description":"clear
        sky","icon":"01d"}],"pop":0},{"dt":1664384400,"temp":74.71,"feels_like":73.06,"pressure":1019,"humidity":25,"dew_point":36.79,"uvi":4.27,"clouds":6,"visibility":10000,"wind_speed":2.01,"wind_deg":118,"wind_gust":2.59,"weather":[{"id":800,"main":"Clear","description":"clear
        sky","icon":"01d"}],"pop":0},{"dt":1664388000,"temp":78.21,"feels_like":76.71,"pressure":1018,"humidity":21,"dew_point":35.08,"uvi":5.68,"clouds":6,"visibility":10000,"wind_speed":4.09,"wind_deg":110,"wind_gust":4.23,"weather":[{"id":800,"main":"Clear","description":"clear
        sky","icon":"01d"}],"pop":0},{"dt":1664391600,"temp":81.3,"feels_like":79.27,"pressure":1017,"humidity":17,"dew_point":32.56,"uvi":6.18,"clouds":8,"visibility":10000,"wind_speed":5.77,"wind_deg":105,"wind_gust":5.21,"weather":[{"id":800,"main":"Clear","description":"clear
        sky","icon":"01d"}],"pop":0}],"daily":[{"dt":1664215200,"sunrise":1664196678,"sunset":1664239865,"moonrise":1664199120,"moonset":1664242140,"moon_phase":0.03,"temp":{"day":78.51,"min":58.98,"max":80.49,"night":68.56,"eve":79.59,"morn":59.49},"feels_like":{"day":77,"night":66.29,"eve":79.59,"morn":56.88},"pressure":1019,"humidity":20,"dew_point":34.16,"wind_speed":6.73,"wind_deg":76,"wind_gust":11.41,"weather":[{"id":801,"main":"Clouds","description":"few
        clouds","icon":"02d"}],"clouds":12,"pop":0,"uvi":6.52},{"dt":1664301600,"sunrise":1664283135,"sunset":1664326166,"moonrise":1664289480,"moonset":1664330040,"moon_phase":0.06,"temp":{"day":74.25,"min":61.11,"max":78.91,"night":63.91,"eve":69.33,"morn":61.65},"feels_like":{"day":72.3,"night":62.31,"eve":67.8,"morn":58.96},"pressure":1019,"humidity":20,"dew_point":30.97,"wind_speed":15.35,"wind_deg":245,"wind_gust":21.43,"weather":[{"id":803,"main":"Clouds","description":"broken
        clouds","icon":"04d"}],"clouds":64,"pop":0.52,"uvi":5.76},{"dt":1664388000,"sunrise":1664369591,"sunset":1664412467,"moonrise":1664380080,"moonset":1664418120,"moon_phase":0.1,"temp":{"day":78.21,"min":59.58,"max":83.62,"night":70.07,"eve":80.01,"morn":59.9},"feels_like":{"day":76.71,"night":68.23,"eve":78.64,"morn":57.99},"pressure":1018,"humidity":21,"dew_point":35.08,"wind_speed":12.12,"wind_deg":174,"wind_gust":20.54,"weather":[{"id":800,"main":"Clear","description":"clear
        sky","icon":"01d"}],"clouds":6,"pop":0.13,"uvi":6.18},{"dt":1664474400,"sunrise":1664456048,"sunset":1664498769,"moonrise":1664470800,"moonset":1664506500,"moon_phase":0.13,"temp":{"day":80.37,"min":64.09,"max":82.92,"night":67.15,"eve":74.73,"morn":64.58},"feels_like":{"day":78.76,"night":65.68,"eve":73.27,"morn":62.56},"pressure":1014,"humidity":19,"dew_point":34.74,"wind_speed":12.8,"wind_deg":173,"wind_gust":11.25,"weather":[{"id":500,"main":"Rain","description":"light
        rain","icon":"10d"}],"clouds":94,"pop":0.64,"rain":0.52,"uvi":5.37},{"dt":1664560800,"sunrise":1664542505,"sunset":1664585071,"moonrise":1664561580,"moonset":1664595360,"moon_phase":0.17,"temp":{"day":77.31,"min":58.53,"max":80.82,"night":58.53,"eve":64.76,"morn":62.73},"feels_like":{"day":75.87,"night":57.56,"eve":63.57,"morn":60.58},"pressure":1010,"humidity":24,"dew_point":37.54,"wind_speed":18.01,"wind_deg":28,"wind_gust":20.29,"weather":[{"id":500,"main":"Rain","description":"light
        rain","icon":"10d"}],"clouds":31,"pop":0.87,"rain":2.71,"uvi":5.13},{"dt":1664647200,"sunrise":1664628963,"sunset":1664671373,"moonrise":1664652300,"moonset":1664684820,"moon_phase":0.2,"temp":{"day":55.44,"min":54.93,"max":58.08,"night":54.93,"eve":56.26,"morn":56.43},"feels_like":{"day":54.45,"night":53.69,"eve":54.97,"morn":55.49},"pressure":1016,"humidity":80,"dew_point":48.97,"wind_speed":7.27,"wind_deg":353,"wind_gust":10.47,"weather":[{"id":501,"main":"Rain","description":"moderate
        rain","icon":"10d"}],"clouds":100,"pop":0.89,"rain":5.35,"uvi":6},{"dt":1664733600,"sunrise":1664715420,"sunset":1664757676,"moonrise":1664742660,"moonset":1664774880,"moon_phase":0.25,"temp":{"day":63.16,"min":52.5,"max":67.71,"night":59.34,"eve":67.01,"morn":53.11},"feels_like":{"day":61.61,"night":57.33,"eve":64.96,"morn":51.89},"pressure":1014,"humidity":52,"dew_point":45.07,"wind_speed":7.67,"wind_deg":16,"wind_gust":13.47,"weather":[{"id":500,"main":"Rain","description":"light
        rain","icon":"10d"}],"clouds":69,"pop":0.4,"rain":0.76,"uvi":6},{"dt":1664820000,"sunrise":1664801878,"sunset":1664843979,"moonrise":1664832480,"moonset":0,"moon_phase":0.28,"temp":{"day":62.33,"min":54.05,"max":65.37,"night":57.69,"eve":59.88,"morn":54.28},"feels_like":{"day":59.95,"night":55.45,"eve":57.83,"morn":52.52},"pressure":1021,"humidity":36,"dew_point":35.04,"wind_speed":18.25,"wind_deg":35,"wind_gust":23.42,"weather":[{"id":500,"main":"Rain","description":"light
        rain","icon":"10d"}],"clouds":88,"pop":0.4,"rain":1.07,"uvi":6}]}'
  recorded_at: Mon, 26 Sep 2022 20:06:56 GMT
- request:
    method: get
    uri: https://api.openweathermap.org/data/3.0/onecall?appid=appid&exclude=minutely&lat=39.73&lon=-104.98&units=imperial
    body:
      encoding: US-ASCII
      string: ''
    headers:
      User-Agent:
      - Faraday v2.5.2
      Accept-Encoding:
      - gzip;q=1.0,deflate;q=0.6,identity;q=0.3
      Accept:
      - "*/*"
  response:
    status:
      code: 200
      message: OK
    headers:
      Server:
      - openresty
      Date:
      - Mon, 26 Sep 2022 20:09:19 GMT
      Content-Type:
      - application/json; charset=utf-8
      Content-Length:
      - '17497'
      Connection:
      - keep-alive
      X-Cache-Key:
      - "/data/3.0/onecall?exclude=minutely&lat=39.73&lon=-104.98&units=imperial"
      Access-Control-Allow-Origin:
      - "*"
      Access-Control-Allow-Credentials:
      - 'true'
      Access-Control-Allow-Methods:
      - GET, POST
    body:
      encoding: UTF-8
      string: '{"lat":39.73,"lon":-104.98,"timezone":"America/Denver","timezone_offset":-21600,"current":{"dt":1664222959,"sunrise":1664196678,"sunset":1664239865,"temp":79.63,"feels_like":79.63,"pressure":1020,"humidity":23,"dew_point":38.61,"uvi":5.95,"clouds":20,"visibility":10000,"wind_speed":10.36,"wind_deg":360,"weather":[{"id":801,"main":"Clouds","description":"few
        clouds","icon":"02d"}]},"hourly":[{"dt":1664222400,"temp":79.63,"feels_like":79.63,"pressure":1020,"humidity":23,"dew_point":38.61,"uvi":5.95,"clouds":20,"visibility":10000,"wind_speed":5.3,"wind_deg":58,"wind_gust":4.85,"weather":[{"id":801,"main":"Clouds","description":"few
        clouds","icon":"02d"}],"pop":0},{"dt":1664226000,"temp":80.01,"feels_like":78.64,"pressure":1019,"humidity":21,"dew_point":36.61,"uvi":4.48,"clouds":16,"visibility":10000,"wind_speed":4.88,"wind_deg":60,"wind_gust":4.56,"weather":[{"id":801,"main":"Clouds","description":"few
        clouds","icon":"02d"}],"pop":0},{"dt":1664229600,"temp":80.42,"feels_like":78.8,"pressure":1018,"humidity":19,"dew_point":34.43,"uvi":2.71,"clouds":12,"visibility":10000,"wind_speed":5.86,"wind_deg":63,"wind_gust":5.19,"weather":[{"id":801,"main":"Clouds","description":"few
        clouds","icon":"02d"}],"pop":0},{"dt":1664233200,"temp":80.49,"feels_like":78.75,"pressure":1017,"humidity":17,"dew_point":31.77,"uvi":1.16,"clouds":8,"visibility":10000,"wind_speed":6.64,"wind_deg":64,"wind_gust":5.37,"weather":[{"id":800,"main":"Clear","description":"clear
        sky","icon":"01d"}],"pop":0},{"dt":1664236800,"temp":79.59,"feels_like":79.59,"pressure":1016,"humidity":16,"dew_point":29.8,"uvi":0.28,"clouds":4,"visibility":10000,"wind_speed":6.73,"wind_deg":76,"wind_gust":5.57,"weather":[{"id":800,"main":"Clear","description":"clear
        sky","icon":"01d"}],"pop":0},{"dt":1664240400,"temp":76.08,"feels_like":74.23,"pressure":1016,"humidity":18,"dew_point":28.98,"uvi":0,"clouds":3,"visibility":10000,"wind_speed":5.93,"wind_deg":108,"wind_gust":9.66,"weather":[{"id":800,"main":"Clear","description":"clear
        sky","icon":"01n"}],"pop":0},{"dt":1664244000,"temp":73.87,"feels_like":71.89,"pressure":1017,"humidity":20,"dew_point":29.89,"uvi":0,"clouds":3,"visibility":10000,"wind_speed":5.66,"wind_deg":139,"wind_gust":11.41,"weather":[{"id":800,"main":"Clear","description":"clear
        sky","icon":"01n"}],"pop":0},{"dt":1664247600,"temp":71.55,"feels_like":69.44,"pressure":1018,"humidity":22,"dew_point":30.65,"uvi":0,"clouds":4,"visibility":10000,"wind_speed":3.89,"wind_deg":131,"wind_gust":9.19,"weather":[{"id":800,"main":"Clear","description":"clear
        sky","icon":"01n"}],"pop":0},{"dt":1664251200,"temp":69.69,"feels_like":67.5,"pressure":1019,"humidity":24,"dew_point":30.9,"uvi":0,"clouds":3,"visibility":10000,"wind_speed":2.33,"wind_deg":94,"wind_gust":4.47,"weather":[{"id":800,"main":"Clear","description":"clear
        sky","icon":"01n"}],"pop":0},{"dt":1664254800,"temp":68.56,"feels_like":66.29,"pressure":1019,"humidity":25,"dew_point":30.94,"uvi":0,"clouds":2,"visibility":10000,"wind_speed":1.14,"wind_deg":7,"wind_gust":3.09,"weather":[{"id":800,"main":"Clear","description":"clear
        sky","icon":"01n"}],"pop":0},{"dt":1664258400,"temp":67.37,"feels_like":65.03,"pressure":1020,"humidity":26,"dew_point":31.08,"uvi":0,"clouds":2,"visibility":10000,"wind_speed":2.51,"wind_deg":323,"wind_gust":4.61,"weather":[{"id":800,"main":"Clear","description":"clear
        sky","icon":"01n"}],"pop":0},{"dt":1664262000,"temp":66.11,"feels_like":63.7,"pressure":1020,"humidity":27,"dew_point":30.78,"uvi":0,"clouds":0,"visibility":10000,"wind_speed":3.53,"wind_deg":341,"wind_gust":7.02,"weather":[{"id":800,"main":"Clear","description":"clear
        sky","icon":"01n"}],"pop":0},{"dt":1664265600,"temp":64.8,"feels_like":62.29,"pressure":1020,"humidity":28,"dew_point":30.56,"uvi":0,"clouds":0,"visibility":10000,"wind_speed":3.13,"wind_deg":354,"wind_gust":7.27,"weather":[{"id":800,"main":"Clear","description":"clear
        sky","icon":"01n"}],"pop":0},{"dt":1664269200,"temp":63.81,"feels_like":61.25,"pressure":1020,"humidity":29,"dew_point":30.42,"uvi":0,"clouds":1,"visibility":10000,"wind_speed":2.44,"wind_deg":348,"wind_gust":5.64,"weather":[{"id":800,"main":"Clear","description":"clear
        sky","icon":"01n"}],"pop":0},{"dt":1664272800,"temp":62.74,"feels_like":60.13,"pressure":1020,"humidity":30,"dew_point":30.36,"uvi":0,"clouds":2,"visibility":10000,"wind_speed":1.45,"wind_deg":328,"wind_gust":3.78,"weather":[{"id":800,"main":"Clear","description":"clear
        sky","icon":"01n"}],"pop":0},{"dt":1664276400,"temp":62.17,"feels_like":59.49,"pressure":1020,"humidity":30,"dew_point":30.47,"uvi":0,"clouds":2,"visibility":10000,"wind_speed":0.67,"wind_deg":287,"wind_gust":1.57,"weather":[{"id":800,"main":"Clear","description":"clear
        sky","icon":"01n"}],"pop":0},{"dt":1664280000,"temp":61.65,"feels_like":58.96,"pressure":1020,"humidity":31,"dew_point":30.45,"uvi":0,"clouds":1,"visibility":10000,"wind_speed":0.49,"wind_deg":303,"wind_gust":1.95,"weather":[{"id":800,"main":"Clear","description":"clear
        sky","icon":"01n"}],"pop":0},{"dt":1664283600,"temp":61.11,"feels_like":58.42,"pressure":1021,"humidity":32,"dew_point":30.63,"uvi":0,"clouds":2,"visibility":10000,"wind_speed":0.04,"wind_deg":105,"wind_gust":1.88,"weather":[{"id":800,"main":"Clear","description":"clear
        sky","icon":"01d"}],"pop":0},{"dt":1664287200,"temp":63.14,"feels_like":60.57,"pressure":1021,"humidity":30,"dew_point":30.85,"uvi":0.27,"clouds":8,"visibility":10000,"wind_speed":0.27,"wind_deg":65,"wind_gust":1.68,"weather":[{"id":800,"main":"Clear","description":"clear
        sky","icon":"01d"}],"pop":0},{"dt":1664290800,"temp":66.02,"feels_like":63.59,"pressure":1021,"humidity":27,"dew_point":30.7,"uvi":1.08,"clouds":31,"visibility":10000,"wind_speed":0.63,"wind_deg":113,"wind_gust":1.01,"weather":[{"id":802,"main":"Clouds","description":"scattered
        clouds","icon":"03d"}],"pop":0},{"dt":1664294400,"temp":68.94,"feels_like":66.65,"pressure":1021,"humidity":24,"dew_point":30.69,"uvi":2.36,"clouds":47,"visibility":10000,"wind_speed":1.9,"wind_deg":83,"wind_gust":1.61,"weather":[{"id":802,"main":"Clouds","description":"scattered
        clouds","icon":"03d"}],"pop":0},{"dt":1664298000,"temp":72.01,"feels_like":69.94,"pressure":1020,"humidity":22,"dew_point":30.7,"uvi":3.98,"clouds":57,"visibility":10000,"wind_speed":2.73,"wind_deg":96,"wind_gust":3.27,"weather":[{"id":803,"main":"Clouds","description":"broken
        clouds","icon":"04d"}],"pop":0},{"dt":1664301600,"temp":74.25,"feels_like":72.3,"pressure":1019,"humidity":20,"dew_point":30.97,"uvi":5.3,"clouds":64,"visibility":10000,"wind_speed":3.24,"wind_deg":100,"wind_gust":4.16,"weather":[{"id":803,"main":"Clouds","description":"broken
        clouds","icon":"04d"}],"pop":0},{"dt":1664305200,"temp":77.52,"feels_like":75.81,"pressure":1018,"humidity":18,"dew_point":30.74,"uvi":5.76,"clouds":100,"visibility":10000,"wind_speed":2.59,"wind_deg":56,"wind_gust":3.15,"weather":[{"id":804,"main":"Clouds","description":"overcast
        clouds","icon":"04d"}],"pop":0.04},{"dt":1664308800,"temp":78.91,"feels_like":78.91,"pressure":1017,"humidity":17,"dew_point":30.63,"uvi":5.25,"clouds":67,"visibility":10000,"wind_speed":5.32,"wind_deg":336,"wind_gust":5.23,"weather":[{"id":803,"main":"Clouds","description":"broken
        clouds","icon":"04d"}],"pop":0.15},{"dt":1664312400,"temp":78.12,"feels_like":76.62,"pressure":1016,"humidity":21,"dew_point":35.42,"uvi":3.95,"clouds":74,"visibility":10000,"wind_speed":11.81,"wind_deg":288,"wind_gust":9.71,"weather":[{"id":803,"main":"Clouds","description":"broken
        clouds","icon":"04d"}],"pop":0.19},{"dt":1664316000,"temp":74.84,"feels_like":73.24,"pressure":1017,"humidity":26,"dew_point":37.49,"uvi":2.51,"clouds":80,"visibility":10000,"wind_speed":15.35,"wind_deg":245,"wind_gust":14.29,"weather":[{"id":803,"main":"Clouds","description":"broken
        clouds","icon":"04d"}],"pop":0.32},{"dt":1664319600,"temp":72.5,"feels_like":70.92,"pressure":1018,"humidity":31,"dew_point":39.33,"uvi":1.07,"clouds":84,"visibility":10000,"wind_speed":11.95,"wind_deg":200,"wind_gust":14.38,"weather":[{"id":803,"main":"Clouds","description":"broken
        clouds","icon":"04d"}],"pop":0.48},{"dt":1664323200,"temp":69.33,"feels_like":67.8,"pressure":1019,"humidity":39,"dew_point":42.58,"uvi":0.26,"clouds":76,"visibility":10000,"wind_speed":14.45,"wind_deg":177,"wind_gust":19.26,"weather":[{"id":803,"main":"Clouds","description":"broken
        clouds","icon":"04d"}],"pop":0.52},{"dt":1664326800,"temp":67.12,"feels_like":65.61,"pressure":1020,"humidity":44,"dew_point":43.84,"uvi":0,"clouds":89,"visibility":10000,"wind_speed":13.73,"wind_deg":192,"wind_gust":21.43,"weather":[{"id":804,"main":"Clouds","description":"overcast
        clouds","icon":"04n"}],"pop":0.17},{"dt":1664330400,"temp":66.25,"feels_like":64.69,"pressure":1020,"humidity":45,"dew_point":43.84,"uvi":0,"clouds":85,"visibility":10000,"wind_speed":10.6,"wind_deg":178,"wind_gust":16.62,"weather":[{"id":804,"main":"Clouds","description":"overcast
        clouds","icon":"04n"}],"pop":0.21},{"dt":1664334000,"temp":65.35,"feels_like":63.81,"pressure":1021,"humidity":47,"dew_point":44.01,"uvi":0,"clouds":60,"visibility":10000,"wind_speed":8.77,"wind_deg":177,"wind_gust":12.12,"weather":[{"id":803,"main":"Clouds","description":"broken
        clouds","icon":"04n"}],"pop":0.21},{"dt":1664337600,"temp":64.65,"feels_like":63.07,"pressure":1021,"humidity":48,"dew_point":43.9,"uvi":0,"clouds":47,"visibility":10000,"wind_speed":7.45,"wind_deg":186,"wind_gust":10.8,"weather":[{"id":802,"main":"Clouds","description":"scattered
        clouds","icon":"03n"}],"pop":0.2},{"dt":1664341200,"temp":63.91,"feels_like":62.31,"pressure":1021,"humidity":49,"dew_point":43.66,"uvi":0,"clouds":42,"visibility":10000,"wind_speed":8.21,"wind_deg":181,"wind_gust":13.4,"weather":[{"id":802,"main":"Clouds","description":"scattered
        clouds","icon":"03n"}],"pop":0.16},{"dt":1664344800,"temp":62.96,"feels_like":61.3,"pressure":1021,"humidity":50,"dew_point":43.65,"uvi":0,"clouds":36,"visibility":10000,"wind_speed":8.08,"wind_deg":184,"wind_gust":13.22,"weather":[{"id":802,"main":"Clouds","description":"scattered
        clouds","icon":"03n"}],"pop":0.13},{"dt":1664348400,"temp":62.46,"feels_like":60.75,"pressure":1021,"humidity":50,"dew_point":43.36,"uvi":0,"clouds":2,"visibility":10000,"wind_speed":8.1,"wind_deg":185,"wind_gust":14.67,"weather":[{"id":800,"main":"Clear","description":"clear
        sky","icon":"01n"}],"pop":0},{"dt":1664352000,"temp":61.84,"feels_like":60.08,"pressure":1021,"humidity":50,"dew_point":42.76,"uvi":0,"clouds":3,"visibility":10000,"wind_speed":7.34,"wind_deg":191,"wind_gust":13.94,"weather":[{"id":800,"main":"Clear","description":"clear
        sky","icon":"01n"}],"pop":0},{"dt":1664355600,"temp":61.32,"feels_like":59.5,"pressure":1020,"humidity":50,"dew_point":42.26,"uvi":0,"clouds":2,"visibility":10000,"wind_speed":6.22,"wind_deg":188,"wind_gust":11.14,"weather":[{"id":800,"main":"Clear","description":"clear
        sky","icon":"01n"}],"pop":0},{"dt":1664359200,"temp":60.75,"feels_like":58.91,"pressure":1020,"humidity":51,"dew_point":41.95,"uvi":0,"clouds":2,"visibility":10000,"wind_speed":6.06,"wind_deg":186,"wind_gust":10.4,"weather":[{"id":800,"main":"Clear","description":"clear
        sky","icon":"01n"}],"pop":0},{"dt":1664362800,"temp":60.22,"feels_like":58.35,"pressure":1020,"humidity":51,"dew_point":41.81,"uvi":0,"clouds":3,"visibility":10000,"wind_speed":5.17,"wind_deg":198,"wind_gust":8.52,"weather":[{"id":800,"main":"Clear","description":"clear
        sky","icon":"01n"}],"pop":0},{"dt":1664366400,"temp":59.9,"feels_like":57.99,"pressure":1021,"humidity":51,"dew_point":41.36,"uvi":0,"clouds":4,"visibility":10000,"wind_speed":4.59,"wind_deg":199,"wind_gust":6.42,"weather":[{"id":800,"main":"Clear","description":"clear
        sky","icon":"01n"}],"pop":0},{"dt":1664370000,"temp":59.58,"feels_like":57.58,"pressure":1021,"humidity":50,"dew_point":40.62,"uvi":0,"clouds":1,"visibility":10000,"wind_speed":3.91,"wind_deg":214,"wind_gust":5.12,"weather":[{"id":800,"main":"Clear","description":"clear
        sky","icon":"01d"}],"pop":0},{"dt":1664373600,"temp":61.84,"feels_like":59.79,"pressure":1021,"humidity":44,"dew_point":39.43,"uvi":0.26,"clouds":3,"visibility":10000,"wind_speed":3.42,"wind_deg":214,"wind_gust":4.94,"weather":[{"id":800,"main":"Clear","description":"clear
        sky","icon":"01d"}],"pop":0},{"dt":1664377200,"temp":65.97,"feels_like":64,"pressure":1021,"humidity":37,"dew_point":38.39,"uvi":1.06,"clouds":4,"visibility":10000,"wind_speed":3.49,"wind_deg":197,"wind_gust":4.25,"weather":[{"id":800,"main":"Clear","description":"clear
        sky","icon":"01d"}],"pop":0},{"dt":1664380800,"temp":70.38,"feels_like":68.52,"pressure":1020,"humidity":30,"dew_point":37.49,"uvi":2.51,"clouds":5,"visibility":10000,"wind_speed":2.21,"wind_deg":183,"wind_gust":3.31,"weather":[{"id":800,"main":"Clear","description":"clear
        sky","icon":"01d"}],"pop":0},{"dt":1664384400,"temp":74.71,"feels_like":73.06,"pressure":1019,"humidity":25,"dew_point":36.79,"uvi":4.27,"clouds":6,"visibility":10000,"wind_speed":2.01,"wind_deg":118,"wind_gust":2.59,"weather":[{"id":800,"main":"Clear","description":"clear
        sky","icon":"01d"}],"pop":0},{"dt":1664388000,"temp":78.21,"feels_like":76.71,"pressure":1018,"humidity":21,"dew_point":35.08,"uvi":5.68,"clouds":6,"visibility":10000,"wind_speed":4.09,"wind_deg":110,"wind_gust":4.23,"weather":[{"id":800,"main":"Clear","description":"clear
        sky","icon":"01d"}],"pop":0},{"dt":1664391600,"temp":81.3,"feels_like":79.27,"pressure":1017,"humidity":17,"dew_point":32.56,"uvi":6.18,"clouds":8,"visibility":10000,"wind_speed":5.77,"wind_deg":105,"wind_gust":5.21,"weather":[{"id":800,"main":"Clear","description":"clear
        sky","icon":"01d"}],"pop":0}],"daily":[{"dt":1664215200,"sunrise":1664196678,"sunset":1664239865,"moonrise":1664199120,"moonset":1664242140,"moon_phase":0.03,"temp":{"day":78.51,"min":58.98,"max":80.49,"night":68.56,"eve":79.59,"morn":59.49},"feels_like":{"day":77,"night":66.29,"eve":79.59,"morn":56.88},"pressure":1019,"humidity":20,"dew_point":34.16,"wind_speed":6.73,"wind_deg":76,"wind_gust":11.41,"weather":[{"id":801,"main":"Clouds","description":"few
        clouds","icon":"02d"}],"clouds":12,"pop":0,"uvi":6.52},{"dt":1664301600,"sunrise":1664283135,"sunset":1664326166,"moonrise":1664289480,"moonset":1664330040,"moon_phase":0.06,"temp":{"day":74.25,"min":61.11,"max":78.91,"night":63.91,"eve":69.33,"morn":61.65},"feels_like":{"day":72.3,"night":62.31,"eve":67.8,"morn":58.96},"pressure":1019,"humidity":20,"dew_point":30.97,"wind_speed":15.35,"wind_deg":245,"wind_gust":21.43,"weather":[{"id":803,"main":"Clouds","description":"broken
        clouds","icon":"04d"}],"clouds":64,"pop":0.52,"uvi":5.76},{"dt":1664388000,"sunrise":1664369591,"sunset":1664412467,"moonrise":1664380080,"moonset":1664418120,"moon_phase":0.1,"temp":{"day":78.21,"min":59.58,"max":83.62,"night":70.07,"eve":80.01,"morn":59.9},"feels_like":{"day":76.71,"night":68.23,"eve":78.64,"morn":57.99},"pressure":1018,"humidity":21,"dew_point":35.08,"wind_speed":12.12,"wind_deg":174,"wind_gust":20.54,"weather":[{"id":800,"main":"Clear","description":"clear
        sky","icon":"01d"}],"clouds":6,"pop":0.13,"uvi":6.18},{"dt":1664474400,"sunrise":1664456048,"sunset":1664498769,"moonrise":1664470800,"moonset":1664506500,"moon_phase":0.13,"temp":{"day":80.37,"min":64.58,"max":80.78,"night":67.8,"eve":74.73,"morn":64.58},"feels_like":{"day":78.76,"night":66.4,"eve":73.27,"morn":62.56},"pressure":1014,"humidity":19,"dew_point":34.74,"wind_speed":11.52,"wind_deg":227,"wind_gust":11.14,"weather":[{"id":500,"main":"Rain","description":"light
        rain","icon":"10d"}],"clouds":94,"pop":0.64,"rain":0.53,"uvi":5.37},{"dt":1664560800,"sunrise":1664542505,"sunset":1664585071,"moonrise":1664561580,"moonset":1664595360,"moon_phase":0.17,"temp":{"day":77.31,"min":59.68,"max":79.86,"night":59.68,"eve":64.76,"morn":62.73},"feels_like":{"day":75.87,"night":58.55,"eve":63.57,"morn":60.58},"pressure":1010,"humidity":24,"dew_point":37.54,"wind_speed":12.44,"wind_deg":27,"wind_gust":18.03,"weather":[{"id":500,"main":"Rain","description":"light
        rain","icon":"10d"}],"clouds":31,"pop":0.75,"rain":1.41,"uvi":5.13},{"dt":1664647200,"sunrise":1664628963,"sunset":1664671373,"moonrise":1664652300,"moonset":1664684820,"moon_phase":0.2,"temp":{"day":55.44,"min":54.93,"max":58.05,"night":54.93,"eve":56.26,"morn":56.43},"feels_like":{"day":54.45,"night":53.69,"eve":54.97,"morn":55.49},"pressure":1016,"humidity":80,"dew_point":48.97,"wind_speed":7.27,"wind_deg":353,"wind_gust":10.47,"weather":[{"id":500,"main":"Rain","description":"light
        rain","icon":"10d"}],"clouds":100,"pop":0.89,"rain":5.71,"uvi":6},{"dt":1664733600,"sunrise":1664715420,"sunset":1664757676,"moonrise":1664742660,"moonset":1664774880,"moon_phase":0.25,"temp":{"day":63.16,"min":52.5,"max":67.71,"night":59.34,"eve":67.01,"morn":53.11},"feels_like":{"day":61.61,"night":57.33,"eve":64.96,"morn":51.89},"pressure":1014,"humidity":52,"dew_point":45.07,"wind_speed":7.67,"wind_deg":16,"wind_gust":13.47,"weather":[{"id":500,"main":"Rain","description":"light
        rain","icon":"10d"}],"clouds":69,"pop":0.4,"rain":0.36,"uvi":6},{"dt":1664820000,"sunrise":1664801878,"sunset":1664843979,"moonrise":1664832480,"moonset":0,"moon_phase":0.28,"temp":{"day":62.33,"min":54.05,"max":65.37,"night":57.69,"eve":59.88,"morn":54.28},"feels_like":{"day":59.95,"night":55.45,"eve":57.83,"morn":52.52},"pressure":1021,"humidity":36,"dew_point":35.04,"wind_speed":18.25,"wind_deg":35,"wind_gust":23.42,"weather":[{"id":500,"main":"Rain","description":"light
        rain","icon":"10d"}],"clouds":88,"pop":0.24,"rain":0.45,"uvi":6}]}'
  recorded_at: Mon, 26 Sep 2022 20:09:19 GMT
- request:
    method: get
    uri: https://api.openweathermap.org/data/3.0/onecall?appid=appid&exclude=minutely&lat=39.73&lon=-104.98&units=imperial
    body:
      encoding: US-ASCII
      string: ''
    headers:
      User-Agent:
      - Faraday v2.5.2
      Accept-Encoding:
      - gzip;q=1.0,deflate;q=0.6,identity;q=0.3
      Accept:
      - "*/*"
  response:
    status:
      code: 200
      message: OK
    headers:
      Server:
      - openresty
      Date:
      - Mon, 26 Sep 2022 20:12:41 GMT
      Content-Type:
      - application/json; charset=utf-8
      Content-Length:
      - '17500'
      Connection:
      - keep-alive
      X-Cache-Key:
      - "/data/3.0/onecall?exclude=minutely&lat=39.73&lon=-104.98&units=imperial"
      Access-Control-Allow-Origin:
      - "*"
      Access-Control-Allow-Credentials:
      - 'true'
      Access-Control-Allow-Methods:
      - GET, POST
    body:
      encoding: UTF-8
      string: '{"lat":39.73,"lon":-104.98,"timezone":"America/Denver","timezone_offset":-21600,"current":{"dt":1664223161,"sunrise":1664196678,"sunset":1664239865,"temp":79.63,"feels_like":79.63,"pressure":1020,"humidity":23,"dew_point":38.61,"uvi":5.95,"clouds":20,"visibility":10000,"wind_speed":10.36,"wind_deg":360,"weather":[{"id":801,"main":"Clouds","description":"few
        clouds","icon":"02d"}]},"hourly":[{"dt":1664222400,"temp":79.63,"feels_like":79.63,"pressure":1020,"humidity":23,"dew_point":38.61,"uvi":5.95,"clouds":20,"visibility":10000,"wind_speed":5.3,"wind_deg":58,"wind_gust":4.85,"weather":[{"id":801,"main":"Clouds","description":"few
        clouds","icon":"02d"}],"pop":0},{"dt":1664226000,"temp":80.01,"feels_like":78.64,"pressure":1019,"humidity":21,"dew_point":36.61,"uvi":4.48,"clouds":16,"visibility":10000,"wind_speed":4.88,"wind_deg":60,"wind_gust":4.56,"weather":[{"id":801,"main":"Clouds","description":"few
        clouds","icon":"02d"}],"pop":0},{"dt":1664229600,"temp":80.42,"feels_like":78.8,"pressure":1018,"humidity":19,"dew_point":34.43,"uvi":2.71,"clouds":12,"visibility":10000,"wind_speed":5.86,"wind_deg":63,"wind_gust":5.19,"weather":[{"id":801,"main":"Clouds","description":"few
        clouds","icon":"02d"}],"pop":0},{"dt":1664233200,"temp":80.49,"feels_like":78.75,"pressure":1017,"humidity":17,"dew_point":31.77,"uvi":1.16,"clouds":8,"visibility":10000,"wind_speed":6.64,"wind_deg":64,"wind_gust":5.37,"weather":[{"id":800,"main":"Clear","description":"clear
        sky","icon":"01d"}],"pop":0},{"dt":1664236800,"temp":79.59,"feels_like":79.59,"pressure":1016,"humidity":16,"dew_point":29.8,"uvi":0.28,"clouds":4,"visibility":10000,"wind_speed":6.73,"wind_deg":76,"wind_gust":5.57,"weather":[{"id":800,"main":"Clear","description":"clear
        sky","icon":"01d"}],"pop":0},{"dt":1664240400,"temp":76.08,"feels_like":74.23,"pressure":1016,"humidity":18,"dew_point":28.98,"uvi":0,"clouds":3,"visibility":10000,"wind_speed":5.93,"wind_deg":108,"wind_gust":9.66,"weather":[{"id":800,"main":"Clear","description":"clear
        sky","icon":"01n"}],"pop":0},{"dt":1664244000,"temp":73.87,"feels_like":71.89,"pressure":1017,"humidity":20,"dew_point":29.89,"uvi":0,"clouds":3,"visibility":10000,"wind_speed":5.66,"wind_deg":139,"wind_gust":11.41,"weather":[{"id":800,"main":"Clear","description":"clear
        sky","icon":"01n"}],"pop":0},{"dt":1664247600,"temp":71.55,"feels_like":69.44,"pressure":1018,"humidity":22,"dew_point":30.65,"uvi":0,"clouds":4,"visibility":10000,"wind_speed":3.89,"wind_deg":131,"wind_gust":9.19,"weather":[{"id":800,"main":"Clear","description":"clear
        sky","icon":"01n"}],"pop":0},{"dt":1664251200,"temp":69.69,"feels_like":67.5,"pressure":1019,"humidity":24,"dew_point":30.9,"uvi":0,"clouds":3,"visibility":10000,"wind_speed":2.33,"wind_deg":94,"wind_gust":4.47,"weather":[{"id":800,"main":"Clear","description":"clear
        sky","icon":"01n"}],"pop":0},{"dt":1664254800,"temp":68.56,"feels_like":66.29,"pressure":1019,"humidity":25,"dew_point":30.94,"uvi":0,"clouds":2,"visibility":10000,"wind_speed":1.14,"wind_deg":7,"wind_gust":3.09,"weather":[{"id":800,"main":"Clear","description":"clear
        sky","icon":"01n"}],"pop":0},{"dt":1664258400,"temp":67.37,"feels_like":65.03,"pressure":1020,"humidity":26,"dew_point":31.08,"uvi":0,"clouds":2,"visibility":10000,"wind_speed":2.51,"wind_deg":323,"wind_gust":4.61,"weather":[{"id":800,"main":"Clear","description":"clear
        sky","icon":"01n"}],"pop":0},{"dt":1664262000,"temp":66.11,"feels_like":63.7,"pressure":1020,"humidity":27,"dew_point":30.78,"uvi":0,"clouds":0,"visibility":10000,"wind_speed":3.53,"wind_deg":341,"wind_gust":7.02,"weather":[{"id":800,"main":"Clear","description":"clear
        sky","icon":"01n"}],"pop":0},{"dt":1664265600,"temp":64.8,"feels_like":62.29,"pressure":1020,"humidity":28,"dew_point":30.56,"uvi":0,"clouds":0,"visibility":10000,"wind_speed":3.13,"wind_deg":354,"wind_gust":7.27,"weather":[{"id":800,"main":"Clear","description":"clear
        sky","icon":"01n"}],"pop":0},{"dt":1664269200,"temp":63.81,"feels_like":61.25,"pressure":1020,"humidity":29,"dew_point":30.42,"uvi":0,"clouds":1,"visibility":10000,"wind_speed":2.44,"wind_deg":348,"wind_gust":5.64,"weather":[{"id":800,"main":"Clear","description":"clear
        sky","icon":"01n"}],"pop":0},{"dt":1664272800,"temp":62.74,"feels_like":60.13,"pressure":1020,"humidity":30,"dew_point":30.36,"uvi":0,"clouds":2,"visibility":10000,"wind_speed":1.45,"wind_deg":328,"wind_gust":3.78,"weather":[{"id":800,"main":"Clear","description":"clear
        sky","icon":"01n"}],"pop":0},{"dt":1664276400,"temp":62.17,"feels_like":59.49,"pressure":1020,"humidity":30,"dew_point":30.47,"uvi":0,"clouds":2,"visibility":10000,"wind_speed":0.67,"wind_deg":287,"wind_gust":1.57,"weather":[{"id":800,"main":"Clear","description":"clear
        sky","icon":"01n"}],"pop":0},{"dt":1664280000,"temp":61.65,"feels_like":58.96,"pressure":1020,"humidity":31,"dew_point":30.45,"uvi":0,"clouds":1,"visibility":10000,"wind_speed":0.49,"wind_deg":303,"wind_gust":1.95,"weather":[{"id":800,"main":"Clear","description":"clear
        sky","icon":"01n"}],"pop":0},{"dt":1664283600,"temp":61.11,"feels_like":58.42,"pressure":1021,"humidity":32,"dew_point":30.63,"uvi":0,"clouds":2,"visibility":10000,"wind_speed":0.04,"wind_deg":105,"wind_gust":1.88,"weather":[{"id":800,"main":"Clear","description":"clear
        sky","icon":"01d"}],"pop":0},{"dt":1664287200,"temp":63.14,"feels_like":60.57,"pressure":1021,"humidity":30,"dew_point":30.85,"uvi":0.27,"clouds":8,"visibility":10000,"wind_speed":0.27,"wind_deg":65,"wind_gust":1.68,"weather":[{"id":800,"main":"Clear","description":"clear
        sky","icon":"01d"}],"pop":0},{"dt":1664290800,"temp":66.02,"feels_like":63.59,"pressure":1021,"humidity":27,"dew_point":30.7,"uvi":1.08,"clouds":31,"visibility":10000,"wind_speed":0.63,"wind_deg":113,"wind_gust":1.01,"weather":[{"id":802,"main":"Clouds","description":"scattered
        clouds","icon":"03d"}],"pop":0},{"dt":1664294400,"temp":68.94,"feels_like":66.65,"pressure":1021,"humidity":24,"dew_point":30.69,"uvi":2.36,"clouds":47,"visibility":10000,"wind_speed":1.9,"wind_deg":83,"wind_gust":1.61,"weather":[{"id":802,"main":"Clouds","description":"scattered
        clouds","icon":"03d"}],"pop":0},{"dt":1664298000,"temp":72.01,"feels_like":69.94,"pressure":1020,"humidity":22,"dew_point":30.7,"uvi":3.98,"clouds":57,"visibility":10000,"wind_speed":2.73,"wind_deg":96,"wind_gust":3.27,"weather":[{"id":803,"main":"Clouds","description":"broken
        clouds","icon":"04d"}],"pop":0},{"dt":1664301600,"temp":74.25,"feels_like":72.3,"pressure":1019,"humidity":20,"dew_point":30.97,"uvi":5.3,"clouds":64,"visibility":10000,"wind_speed":3.24,"wind_deg":100,"wind_gust":4.16,"weather":[{"id":803,"main":"Clouds","description":"broken
        clouds","icon":"04d"}],"pop":0},{"dt":1664305200,"temp":77.52,"feels_like":75.81,"pressure":1018,"humidity":18,"dew_point":30.74,"uvi":5.76,"clouds":100,"visibility":10000,"wind_speed":2.59,"wind_deg":56,"wind_gust":3.15,"weather":[{"id":804,"main":"Clouds","description":"overcast
        clouds","icon":"04d"}],"pop":0.04},{"dt":1664308800,"temp":78.91,"feels_like":78.91,"pressure":1017,"humidity":17,"dew_point":30.63,"uvi":5.25,"clouds":67,"visibility":10000,"wind_speed":5.32,"wind_deg":336,"wind_gust":5.23,"weather":[{"id":803,"main":"Clouds","description":"broken
        clouds","icon":"04d"}],"pop":0.15},{"dt":1664312400,"temp":78.12,"feels_like":76.62,"pressure":1016,"humidity":21,"dew_point":35.42,"uvi":3.95,"clouds":74,"visibility":10000,"wind_speed":11.81,"wind_deg":288,"wind_gust":9.71,"weather":[{"id":803,"main":"Clouds","description":"broken
        clouds","icon":"04d"}],"pop":0.19},{"dt":1664316000,"temp":74.84,"feels_like":73.24,"pressure":1017,"humidity":26,"dew_point":37.49,"uvi":2.51,"clouds":80,"visibility":10000,"wind_speed":15.35,"wind_deg":245,"wind_gust":14.29,"weather":[{"id":803,"main":"Clouds","description":"broken
        clouds","icon":"04d"}],"pop":0.32},{"dt":1664319600,"temp":72.5,"feels_like":70.92,"pressure":1018,"humidity":31,"dew_point":39.33,"uvi":1.07,"clouds":84,"visibility":10000,"wind_speed":11.95,"wind_deg":200,"wind_gust":14.38,"weather":[{"id":803,"main":"Clouds","description":"broken
        clouds","icon":"04d"}],"pop":0.48},{"dt":1664323200,"temp":69.33,"feels_like":67.8,"pressure":1019,"humidity":39,"dew_point":42.58,"uvi":0.26,"clouds":76,"visibility":10000,"wind_speed":14.45,"wind_deg":177,"wind_gust":19.26,"weather":[{"id":803,"main":"Clouds","description":"broken
        clouds","icon":"04d"}],"pop":0.52},{"dt":1664326800,"temp":67.12,"feels_like":65.61,"pressure":1020,"humidity":44,"dew_point":43.84,"uvi":0,"clouds":89,"visibility":10000,"wind_speed":13.73,"wind_deg":192,"wind_gust":21.43,"weather":[{"id":804,"main":"Clouds","description":"overcast
        clouds","icon":"04n"}],"pop":0.17},{"dt":1664330400,"temp":66.25,"feels_like":64.69,"pressure":1020,"humidity":45,"dew_point":43.84,"uvi":0,"clouds":85,"visibility":10000,"wind_speed":10.6,"wind_deg":178,"wind_gust":16.62,"weather":[{"id":804,"main":"Clouds","description":"overcast
        clouds","icon":"04n"}],"pop":0.21},{"dt":1664334000,"temp":65.35,"feels_like":63.81,"pressure":1021,"humidity":47,"dew_point":44.01,"uvi":0,"clouds":60,"visibility":10000,"wind_speed":8.77,"wind_deg":177,"wind_gust":12.12,"weather":[{"id":803,"main":"Clouds","description":"broken
        clouds","icon":"04n"}],"pop":0.21},{"dt":1664337600,"temp":64.65,"feels_like":63.07,"pressure":1021,"humidity":48,"dew_point":43.9,"uvi":0,"clouds":47,"visibility":10000,"wind_speed":7.45,"wind_deg":186,"wind_gust":10.8,"weather":[{"id":802,"main":"Clouds","description":"scattered
        clouds","icon":"03n"}],"pop":0.2},{"dt":1664341200,"temp":63.91,"feels_like":62.31,"pressure":1021,"humidity":49,"dew_point":43.66,"uvi":0,"clouds":42,"visibility":10000,"wind_speed":8.21,"wind_deg":181,"wind_gust":13.4,"weather":[{"id":802,"main":"Clouds","description":"scattered
        clouds","icon":"03n"}],"pop":0.16},{"dt":1664344800,"temp":62.96,"feels_like":61.3,"pressure":1021,"humidity":50,"dew_point":43.65,"uvi":0,"clouds":36,"visibility":10000,"wind_speed":8.08,"wind_deg":184,"wind_gust":13.22,"weather":[{"id":802,"main":"Clouds","description":"scattered
        clouds","icon":"03n"}],"pop":0.13},{"dt":1664348400,"temp":62.46,"feels_like":60.75,"pressure":1021,"humidity":50,"dew_point":43.36,"uvi":0,"clouds":2,"visibility":10000,"wind_speed":8.1,"wind_deg":185,"wind_gust":14.67,"weather":[{"id":800,"main":"Clear","description":"clear
        sky","icon":"01n"}],"pop":0},{"dt":1664352000,"temp":61.84,"feels_like":60.08,"pressure":1021,"humidity":50,"dew_point":42.76,"uvi":0,"clouds":3,"visibility":10000,"wind_speed":7.34,"wind_deg":191,"wind_gust":13.94,"weather":[{"id":800,"main":"Clear","description":"clear
        sky","icon":"01n"}],"pop":0},{"dt":1664355600,"temp":61.32,"feels_like":59.5,"pressure":1020,"humidity":50,"dew_point":42.26,"uvi":0,"clouds":2,"visibility":10000,"wind_speed":6.22,"wind_deg":188,"wind_gust":11.14,"weather":[{"id":800,"main":"Clear","description":"clear
        sky","icon":"01n"}],"pop":0},{"dt":1664359200,"temp":60.75,"feels_like":58.91,"pressure":1020,"humidity":51,"dew_point":41.95,"uvi":0,"clouds":2,"visibility":10000,"wind_speed":6.06,"wind_deg":186,"wind_gust":10.4,"weather":[{"id":800,"main":"Clear","description":"clear
        sky","icon":"01n"}],"pop":0},{"dt":1664362800,"temp":60.22,"feels_like":58.35,"pressure":1020,"humidity":51,"dew_point":41.81,"uvi":0,"clouds":3,"visibility":10000,"wind_speed":5.17,"wind_deg":198,"wind_gust":8.52,"weather":[{"id":800,"main":"Clear","description":"clear
        sky","icon":"01n"}],"pop":0},{"dt":1664366400,"temp":59.9,"feels_like":57.99,"pressure":1021,"humidity":51,"dew_point":41.36,"uvi":0,"clouds":4,"visibility":10000,"wind_speed":4.59,"wind_deg":199,"wind_gust":6.42,"weather":[{"id":800,"main":"Clear","description":"clear
        sky","icon":"01n"}],"pop":0},{"dt":1664370000,"temp":59.58,"feels_like":57.58,"pressure":1021,"humidity":50,"dew_point":40.62,"uvi":0,"clouds":1,"visibility":10000,"wind_speed":3.91,"wind_deg":214,"wind_gust":5.12,"weather":[{"id":800,"main":"Clear","description":"clear
        sky","icon":"01d"}],"pop":0},{"dt":1664373600,"temp":61.84,"feels_like":59.79,"pressure":1021,"humidity":44,"dew_point":39.43,"uvi":0.26,"clouds":3,"visibility":10000,"wind_speed":3.42,"wind_deg":214,"wind_gust":4.94,"weather":[{"id":800,"main":"Clear","description":"clear
        sky","icon":"01d"}],"pop":0},{"dt":1664377200,"temp":65.97,"feels_like":64,"pressure":1021,"humidity":37,"dew_point":38.39,"uvi":1.06,"clouds":4,"visibility":10000,"wind_speed":3.49,"wind_deg":197,"wind_gust":4.25,"weather":[{"id":800,"main":"Clear","description":"clear
        sky","icon":"01d"}],"pop":0},{"dt":1664380800,"temp":70.38,"feels_like":68.52,"pressure":1020,"humidity":30,"dew_point":37.49,"uvi":2.51,"clouds":5,"visibility":10000,"wind_speed":2.21,"wind_deg":183,"wind_gust":3.31,"weather":[{"id":800,"main":"Clear","description":"clear
        sky","icon":"01d"}],"pop":0},{"dt":1664384400,"temp":74.71,"feels_like":73.06,"pressure":1019,"humidity":25,"dew_point":36.79,"uvi":4.27,"clouds":6,"visibility":10000,"wind_speed":2.01,"wind_deg":118,"wind_gust":2.59,"weather":[{"id":800,"main":"Clear","description":"clear
        sky","icon":"01d"}],"pop":0},{"dt":1664388000,"temp":78.21,"feels_like":76.71,"pressure":1018,"humidity":21,"dew_point":35.08,"uvi":5.68,"clouds":6,"visibility":10000,"wind_speed":4.09,"wind_deg":110,"wind_gust":4.23,"weather":[{"id":800,"main":"Clear","description":"clear
        sky","icon":"01d"}],"pop":0},{"dt":1664391600,"temp":81.3,"feels_like":79.27,"pressure":1017,"humidity":17,"dew_point":32.56,"uvi":6.18,"clouds":8,"visibility":10000,"wind_speed":5.77,"wind_deg":105,"wind_gust":5.21,"weather":[{"id":800,"main":"Clear","description":"clear
        sky","icon":"01d"}],"pop":0}],"daily":[{"dt":1664215200,"sunrise":1664196678,"sunset":1664239865,"moonrise":1664199120,"moonset":1664242140,"moon_phase":0.03,"temp":{"day":78.51,"min":58.98,"max":80.49,"night":68.56,"eve":79.59,"morn":59.49},"feels_like":{"day":77,"night":66.29,"eve":79.59,"morn":56.88},"pressure":1019,"humidity":20,"dew_point":34.16,"wind_speed":6.73,"wind_deg":76,"wind_gust":11.41,"weather":[{"id":801,"main":"Clouds","description":"few
        clouds","icon":"02d"}],"clouds":12,"pop":0,"uvi":6.52},{"dt":1664301600,"sunrise":1664283135,"sunset":1664326166,"moonrise":1664289480,"moonset":1664330040,"moon_phase":0.06,"temp":{"day":74.25,"min":61.11,"max":78.91,"night":63.91,"eve":69.33,"morn":61.65},"feels_like":{"day":72.3,"night":62.31,"eve":67.8,"morn":58.96},"pressure":1019,"humidity":20,"dew_point":30.97,"wind_speed":15.35,"wind_deg":245,"wind_gust":21.43,"weather":[{"id":803,"main":"Clouds","description":"broken
        clouds","icon":"04d"}],"clouds":64,"pop":0.52,"uvi":5.76},{"dt":1664388000,"sunrise":1664369591,"sunset":1664412467,"moonrise":1664380080,"moonset":1664418120,"moon_phase":0.1,"temp":{"day":78.21,"min":59.58,"max":83.62,"night":70.07,"eve":80.01,"morn":59.9},"feels_like":{"day":76.71,"night":68.23,"eve":78.64,"morn":57.99},"pressure":1018,"humidity":21,"dew_point":35.08,"wind_speed":12.12,"wind_deg":174,"wind_gust":20.54,"weather":[{"id":800,"main":"Clear","description":"clear
        sky","icon":"01d"}],"clouds":6,"pop":0.13,"uvi":6.18},{"dt":1664474400,"sunrise":1664456048,"sunset":1664498769,"moonrise":1664470800,"moonset":1664506500,"moon_phase":0.13,"temp":{"day":80.37,"min":64.09,"max":82.92,"night":67.15,"eve":74.73,"morn":64.58},"feels_like":{"day":78.76,"night":65.68,"eve":73.27,"morn":62.56},"pressure":1014,"humidity":19,"dew_point":34.74,"wind_speed":12.8,"wind_deg":173,"wind_gust":11.25,"weather":[{"id":500,"main":"Rain","description":"light
        rain","icon":"10d"}],"clouds":94,"pop":0.64,"rain":0.52,"uvi":5.37},{"dt":1664560800,"sunrise":1664542505,"sunset":1664585071,"moonrise":1664561580,"moonset":1664595360,"moon_phase":0.17,"temp":{"day":77.31,"min":58.53,"max":80.82,"night":58.53,"eve":64.76,"morn":62.73},"feels_like":{"day":75.87,"night":57.56,"eve":63.57,"morn":60.58},"pressure":1010,"humidity":24,"dew_point":37.54,"wind_speed":18.01,"wind_deg":28,"wind_gust":20.29,"weather":[{"id":500,"main":"Rain","description":"light
        rain","icon":"10d"}],"clouds":31,"pop":0.87,"rain":2.71,"uvi":5.13},{"dt":1664647200,"sunrise":1664628963,"sunset":1664671373,"moonrise":1664652300,"moonset":1664684820,"moon_phase":0.2,"temp":{"day":55.44,"min":54.93,"max":58.08,"night":54.93,"eve":56.26,"morn":56.43},"feels_like":{"day":54.45,"night":53.69,"eve":54.97,"morn":55.49},"pressure":1016,"humidity":80,"dew_point":48.97,"wind_speed":7.27,"wind_deg":353,"wind_gust":10.47,"weather":[{"id":501,"main":"Rain","description":"moderate
        rain","icon":"10d"}],"clouds":100,"pop":0.89,"rain":5.35,"uvi":6},{"dt":1664733600,"sunrise":1664715420,"sunset":1664757676,"moonrise":1664742660,"moonset":1664774880,"moon_phase":0.25,"temp":{"day":63.16,"min":52.5,"max":67.71,"night":59.34,"eve":67.01,"morn":53.11},"feels_like":{"day":61.61,"night":57.33,"eve":64.96,"morn":51.89},"pressure":1014,"humidity":52,"dew_point":45.07,"wind_speed":7.67,"wind_deg":16,"wind_gust":13.47,"weather":[{"id":500,"main":"Rain","description":"light
        rain","icon":"10d"}],"clouds":69,"pop":0.4,"rain":0.76,"uvi":6},{"dt":1664820000,"sunrise":1664801878,"sunset":1664843979,"moonrise":1664832480,"moonset":0,"moon_phase":0.28,"temp":{"day":62.33,"min":54.05,"max":65.37,"night":57.69,"eve":59.88,"morn":54.28},"feels_like":{"day":59.95,"night":55.45,"eve":57.83,"morn":52.52},"pressure":1021,"humidity":36,"dew_point":35.04,"wind_speed":18.25,"wind_deg":35,"wind_gust":23.42,"weather":[{"id":500,"main":"Rain","description":"light
        rain","icon":"10d"}],"clouds":88,"pop":0.4,"rain":1.07,"uvi":6}]}'
  recorded_at: Mon, 26 Sep 2022 20:12:42 GMT
- request:
    method: get
    uri: https://api.openweathermap.org/data/3.0/onecall?appid=appid&exclude=minutely&lat=39.73&lon=-104.98&units=imperial
    body:
      encoding: US-ASCII
      string: ''
    headers:
      User-Agent:
      - Faraday v2.5.2
      Accept-Encoding:
      - gzip;q=1.0,deflate;q=0.6,identity;q=0.3
      Accept:
      - "*/*"
  response:
    status:
      code: 200
      message: OK
    headers:
      Server:
      - openresty
      Date:
      - Mon, 26 Sep 2022 20:24:51 GMT
      Content-Type:
      - application/json; charset=utf-8
      Content-Length:
      - '17502'
      Connection:
      - keep-alive
      X-Cache-Key:
      - "/data/3.0/onecall?exclude=minutely&lat=39.73&lon=-104.98&units=imperial"
      Access-Control-Allow-Origin:
      - "*"
      Access-Control-Allow-Credentials:
      - 'true'
      Access-Control-Allow-Methods:
      - GET, POST
    body:
      encoding: UTF-8
      string: '{"lat":39.73,"lon":-104.98,"timezone":"America/Denver","timezone_offset":-21600,"current":{"dt":1664223891,"sunrise":1664196678,"sunset":1664239865,"temp":79.88,"feels_like":79.88,"pressure":1020,"humidity":23,"dew_point":38.82,"uvi":5.95,"clouds":20,"visibility":10000,"wind_speed":10.36,"wind_deg":360,"weather":[{"id":801,"main":"Clouds","description":"few
        clouds","icon":"02d"}]},"hourly":[{"dt":1664222400,"temp":79.88,"feels_like":79.88,"pressure":1020,"humidity":23,"dew_point":38.82,"uvi":5.95,"clouds":20,"visibility":10000,"wind_speed":5.3,"wind_deg":58,"wind_gust":4.85,"weather":[{"id":801,"main":"Clouds","description":"few
        clouds","icon":"02d"}],"pop":0},{"dt":1664226000,"temp":80.2,"feels_like":78.76,"pressure":1019,"humidity":21,"dew_point":36.77,"uvi":4.48,"clouds":16,"visibility":10000,"wind_speed":4.88,"wind_deg":60,"wind_gust":4.56,"weather":[{"id":801,"main":"Clouds","description":"few
        clouds","icon":"02d"}],"pop":0},{"dt":1664229600,"temp":80.58,"feels_like":78.89,"pressure":1018,"humidity":19,"dew_point":34.57,"uvi":2.71,"clouds":12,"visibility":10000,"wind_speed":5.86,"wind_deg":63,"wind_gust":5.19,"weather":[{"id":801,"main":"Clouds","description":"few
        clouds","icon":"02d"}],"pop":0},{"dt":1664233200,"temp":80.6,"feels_like":78.82,"pressure":1017,"humidity":17,"dew_point":31.84,"uvi":1.16,"clouds":8,"visibility":10000,"wind_speed":6.64,"wind_deg":64,"wind_gust":5.37,"weather":[{"id":800,"main":"Clear","description":"clear
        sky","icon":"01d"}],"pop":0},{"dt":1664236800,"temp":79.63,"feels_like":79.63,"pressure":1016,"humidity":16,"dew_point":29.82,"uvi":0.28,"clouds":4,"visibility":10000,"wind_speed":6.73,"wind_deg":76,"wind_gust":5.57,"weather":[{"id":800,"main":"Clear","description":"clear
        sky","icon":"01d"}],"pop":0},{"dt":1664240400,"temp":76.08,"feels_like":74.23,"pressure":1016,"humidity":18,"dew_point":28.98,"uvi":0,"clouds":3,"visibility":10000,"wind_speed":5.93,"wind_deg":108,"wind_gust":9.66,"weather":[{"id":800,"main":"Clear","description":"clear
        sky","icon":"01n"}],"pop":0},{"dt":1664244000,"temp":73.87,"feels_like":71.89,"pressure":1017,"humidity":20,"dew_point":29.89,"uvi":0,"clouds":3,"visibility":10000,"wind_speed":5.66,"wind_deg":139,"wind_gust":11.41,"weather":[{"id":800,"main":"Clear","description":"clear
        sky","icon":"01n"}],"pop":0},{"dt":1664247600,"temp":71.55,"feels_like":69.44,"pressure":1018,"humidity":22,"dew_point":30.65,"uvi":0,"clouds":4,"visibility":10000,"wind_speed":3.89,"wind_deg":131,"wind_gust":9.19,"weather":[{"id":800,"main":"Clear","description":"clear
        sky","icon":"01n"}],"pop":0},{"dt":1664251200,"temp":69.69,"feels_like":67.5,"pressure":1019,"humidity":24,"dew_point":30.9,"uvi":0,"clouds":3,"visibility":10000,"wind_speed":2.33,"wind_deg":94,"wind_gust":4.47,"weather":[{"id":800,"main":"Clear","description":"clear
        sky","icon":"01n"}],"pop":0},{"dt":1664254800,"temp":68.56,"feels_like":66.29,"pressure":1019,"humidity":25,"dew_point":30.94,"uvi":0,"clouds":2,"visibility":10000,"wind_speed":1.14,"wind_deg":7,"wind_gust":3.09,"weather":[{"id":800,"main":"Clear","description":"clear
        sky","icon":"01n"}],"pop":0},{"dt":1664258400,"temp":67.37,"feels_like":65.03,"pressure":1020,"humidity":26,"dew_point":31.08,"uvi":0,"clouds":2,"visibility":10000,"wind_speed":2.51,"wind_deg":323,"wind_gust":4.61,"weather":[{"id":800,"main":"Clear","description":"clear
        sky","icon":"01n"}],"pop":0},{"dt":1664262000,"temp":66.11,"feels_like":63.7,"pressure":1020,"humidity":27,"dew_point":30.78,"uvi":0,"clouds":0,"visibility":10000,"wind_speed":3.53,"wind_deg":341,"wind_gust":7.02,"weather":[{"id":800,"main":"Clear","description":"clear
        sky","icon":"01n"}],"pop":0},{"dt":1664265600,"temp":64.8,"feels_like":62.29,"pressure":1020,"humidity":28,"dew_point":30.56,"uvi":0,"clouds":0,"visibility":10000,"wind_speed":3.13,"wind_deg":354,"wind_gust":7.27,"weather":[{"id":800,"main":"Clear","description":"clear
        sky","icon":"01n"}],"pop":0},{"dt":1664269200,"temp":63.81,"feels_like":61.25,"pressure":1020,"humidity":29,"dew_point":30.42,"uvi":0,"clouds":1,"visibility":10000,"wind_speed":2.44,"wind_deg":348,"wind_gust":5.64,"weather":[{"id":800,"main":"Clear","description":"clear
        sky","icon":"01n"}],"pop":0},{"dt":1664272800,"temp":62.74,"feels_like":60.13,"pressure":1020,"humidity":30,"dew_point":30.36,"uvi":0,"clouds":2,"visibility":10000,"wind_speed":1.45,"wind_deg":328,"wind_gust":3.78,"weather":[{"id":800,"main":"Clear","description":"clear
        sky","icon":"01n"}],"pop":0},{"dt":1664276400,"temp":62.17,"feels_like":59.49,"pressure":1020,"humidity":30,"dew_point":30.47,"uvi":0,"clouds":2,"visibility":10000,"wind_speed":0.67,"wind_deg":287,"wind_gust":1.57,"weather":[{"id":800,"main":"Clear","description":"clear
        sky","icon":"01n"}],"pop":0},{"dt":1664280000,"temp":61.65,"feels_like":58.96,"pressure":1020,"humidity":31,"dew_point":30.45,"uvi":0,"clouds":1,"visibility":10000,"wind_speed":0.49,"wind_deg":303,"wind_gust":1.95,"weather":[{"id":800,"main":"Clear","description":"clear
        sky","icon":"01n"}],"pop":0},{"dt":1664283600,"temp":61.11,"feels_like":58.42,"pressure":1021,"humidity":32,"dew_point":30.63,"uvi":0,"clouds":2,"visibility":10000,"wind_speed":0.04,"wind_deg":105,"wind_gust":1.88,"weather":[{"id":800,"main":"Clear","description":"clear
        sky","icon":"01d"}],"pop":0},{"dt":1664287200,"temp":63.14,"feels_like":60.57,"pressure":1021,"humidity":30,"dew_point":30.85,"uvi":0.27,"clouds":8,"visibility":10000,"wind_speed":0.27,"wind_deg":65,"wind_gust":1.68,"weather":[{"id":800,"main":"Clear","description":"clear
        sky","icon":"01d"}],"pop":0},{"dt":1664290800,"temp":66.02,"feels_like":63.59,"pressure":1021,"humidity":27,"dew_point":30.7,"uvi":1.08,"clouds":31,"visibility":10000,"wind_speed":0.63,"wind_deg":113,"wind_gust":1.01,"weather":[{"id":802,"main":"Clouds","description":"scattered
        clouds","icon":"03d"}],"pop":0},{"dt":1664294400,"temp":68.94,"feels_like":66.65,"pressure":1021,"humidity":24,"dew_point":30.69,"uvi":2.36,"clouds":47,"visibility":10000,"wind_speed":1.9,"wind_deg":83,"wind_gust":1.61,"weather":[{"id":802,"main":"Clouds","description":"scattered
        clouds","icon":"03d"}],"pop":0},{"dt":1664298000,"temp":72.01,"feels_like":69.94,"pressure":1020,"humidity":22,"dew_point":30.7,"uvi":3.98,"clouds":57,"visibility":10000,"wind_speed":2.73,"wind_deg":96,"wind_gust":3.27,"weather":[{"id":803,"main":"Clouds","description":"broken
        clouds","icon":"04d"}],"pop":0},{"dt":1664301600,"temp":74.25,"feels_like":72.3,"pressure":1019,"humidity":20,"dew_point":30.97,"uvi":5.3,"clouds":64,"visibility":10000,"wind_speed":3.24,"wind_deg":100,"wind_gust":4.16,"weather":[{"id":803,"main":"Clouds","description":"broken
        clouds","icon":"04d"}],"pop":0},{"dt":1664305200,"temp":77.52,"feels_like":75.81,"pressure":1018,"humidity":18,"dew_point":30.74,"uvi":5.76,"clouds":100,"visibility":10000,"wind_speed":2.59,"wind_deg":56,"wind_gust":3.15,"weather":[{"id":804,"main":"Clouds","description":"overcast
        clouds","icon":"04d"}],"pop":0.04},{"dt":1664308800,"temp":78.91,"feels_like":78.91,"pressure":1017,"humidity":17,"dew_point":30.63,"uvi":5.25,"clouds":67,"visibility":10000,"wind_speed":5.32,"wind_deg":336,"wind_gust":5.23,"weather":[{"id":803,"main":"Clouds","description":"broken
        clouds","icon":"04d"}],"pop":0.15},{"dt":1664312400,"temp":78.12,"feels_like":76.62,"pressure":1016,"humidity":21,"dew_point":35.42,"uvi":3.95,"clouds":74,"visibility":10000,"wind_speed":11.81,"wind_deg":288,"wind_gust":9.71,"weather":[{"id":803,"main":"Clouds","description":"broken
        clouds","icon":"04d"}],"pop":0.19},{"dt":1664316000,"temp":74.84,"feels_like":73.24,"pressure":1017,"humidity":26,"dew_point":37.49,"uvi":2.51,"clouds":80,"visibility":10000,"wind_speed":15.35,"wind_deg":245,"wind_gust":14.29,"weather":[{"id":803,"main":"Clouds","description":"broken
        clouds","icon":"04d"}],"pop":0.32},{"dt":1664319600,"temp":72.5,"feels_like":70.92,"pressure":1018,"humidity":31,"dew_point":39.33,"uvi":1.07,"clouds":84,"visibility":10000,"wind_speed":11.95,"wind_deg":200,"wind_gust":14.38,"weather":[{"id":803,"main":"Clouds","description":"broken
        clouds","icon":"04d"}],"pop":0.48},{"dt":1664323200,"temp":69.33,"feels_like":67.8,"pressure":1019,"humidity":39,"dew_point":42.58,"uvi":0.26,"clouds":76,"visibility":10000,"wind_speed":14.45,"wind_deg":177,"wind_gust":19.26,"weather":[{"id":803,"main":"Clouds","description":"broken
        clouds","icon":"04d"}],"pop":0.52},{"dt":1664326800,"temp":67.12,"feels_like":65.61,"pressure":1020,"humidity":44,"dew_point":43.84,"uvi":0,"clouds":89,"visibility":10000,"wind_speed":13.73,"wind_deg":192,"wind_gust":21.43,"weather":[{"id":804,"main":"Clouds","description":"overcast
        clouds","icon":"04n"}],"pop":0.17},{"dt":1664330400,"temp":66.25,"feels_like":64.69,"pressure":1020,"humidity":45,"dew_point":43.84,"uvi":0,"clouds":85,"visibility":10000,"wind_speed":10.6,"wind_deg":178,"wind_gust":16.62,"weather":[{"id":804,"main":"Clouds","description":"overcast
        clouds","icon":"04n"}],"pop":0.21},{"dt":1664334000,"temp":65.35,"feels_like":63.81,"pressure":1021,"humidity":47,"dew_point":44.01,"uvi":0,"clouds":60,"visibility":10000,"wind_speed":8.77,"wind_deg":177,"wind_gust":12.12,"weather":[{"id":803,"main":"Clouds","description":"broken
        clouds","icon":"04n"}],"pop":0.21},{"dt":1664337600,"temp":64.65,"feels_like":63.07,"pressure":1021,"humidity":48,"dew_point":43.9,"uvi":0,"clouds":47,"visibility":10000,"wind_speed":7.45,"wind_deg":186,"wind_gust":10.8,"weather":[{"id":802,"main":"Clouds","description":"scattered
        clouds","icon":"03n"}],"pop":0.2},{"dt":1664341200,"temp":63.91,"feels_like":62.31,"pressure":1021,"humidity":49,"dew_point":43.66,"uvi":0,"clouds":42,"visibility":10000,"wind_speed":8.21,"wind_deg":181,"wind_gust":13.4,"weather":[{"id":802,"main":"Clouds","description":"scattered
        clouds","icon":"03n"}],"pop":0.16},{"dt":1664344800,"temp":62.96,"feels_like":61.3,"pressure":1021,"humidity":50,"dew_point":43.65,"uvi":0,"clouds":36,"visibility":10000,"wind_speed":8.08,"wind_deg":184,"wind_gust":13.22,"weather":[{"id":802,"main":"Clouds","description":"scattered
        clouds","icon":"03n"}],"pop":0.13},{"dt":1664348400,"temp":62.46,"feels_like":60.75,"pressure":1021,"humidity":50,"dew_point":43.36,"uvi":0,"clouds":2,"visibility":10000,"wind_speed":8.1,"wind_deg":185,"wind_gust":14.67,"weather":[{"id":800,"main":"Clear","description":"clear
        sky","icon":"01n"}],"pop":0},{"dt":1664352000,"temp":61.84,"feels_like":60.08,"pressure":1021,"humidity":50,"dew_point":42.76,"uvi":0,"clouds":3,"visibility":10000,"wind_speed":7.34,"wind_deg":191,"wind_gust":13.94,"weather":[{"id":800,"main":"Clear","description":"clear
        sky","icon":"01n"}],"pop":0},{"dt":1664355600,"temp":61.32,"feels_like":59.5,"pressure":1020,"humidity":50,"dew_point":42.26,"uvi":0,"clouds":2,"visibility":10000,"wind_speed":6.22,"wind_deg":188,"wind_gust":11.14,"weather":[{"id":800,"main":"Clear","description":"clear
        sky","icon":"01n"}],"pop":0},{"dt":1664359200,"temp":60.75,"feels_like":58.91,"pressure":1020,"humidity":51,"dew_point":41.95,"uvi":0,"clouds":2,"visibility":10000,"wind_speed":6.06,"wind_deg":186,"wind_gust":10.4,"weather":[{"id":800,"main":"Clear","description":"clear
        sky","icon":"01n"}],"pop":0},{"dt":1664362800,"temp":60.22,"feels_like":58.35,"pressure":1020,"humidity":51,"dew_point":41.81,"uvi":0,"clouds":3,"visibility":10000,"wind_speed":5.17,"wind_deg":198,"wind_gust":8.52,"weather":[{"id":800,"main":"Clear","description":"clear
        sky","icon":"01n"}],"pop":0},{"dt":1664366400,"temp":59.9,"feels_like":57.99,"pressure":1021,"humidity":51,"dew_point":41.36,"uvi":0,"clouds":4,"visibility":10000,"wind_speed":4.59,"wind_deg":199,"wind_gust":6.42,"weather":[{"id":800,"main":"Clear","description":"clear
        sky","icon":"01n"}],"pop":0},{"dt":1664370000,"temp":59.58,"feels_like":57.58,"pressure":1021,"humidity":50,"dew_point":40.62,"uvi":0,"clouds":1,"visibility":10000,"wind_speed":3.91,"wind_deg":214,"wind_gust":5.12,"weather":[{"id":800,"main":"Clear","description":"clear
        sky","icon":"01d"}],"pop":0},{"dt":1664373600,"temp":61.84,"feels_like":59.79,"pressure":1021,"humidity":44,"dew_point":39.43,"uvi":0.26,"clouds":3,"visibility":10000,"wind_speed":3.42,"wind_deg":214,"wind_gust":4.94,"weather":[{"id":800,"main":"Clear","description":"clear
        sky","icon":"01d"}],"pop":0},{"dt":1664377200,"temp":65.97,"feels_like":64,"pressure":1021,"humidity":37,"dew_point":38.39,"uvi":1.06,"clouds":4,"visibility":10000,"wind_speed":3.49,"wind_deg":197,"wind_gust":4.25,"weather":[{"id":800,"main":"Clear","description":"clear
        sky","icon":"01d"}],"pop":0},{"dt":1664380800,"temp":70.38,"feels_like":68.52,"pressure":1020,"humidity":30,"dew_point":37.49,"uvi":2.51,"clouds":5,"visibility":10000,"wind_speed":2.21,"wind_deg":183,"wind_gust":3.31,"weather":[{"id":800,"main":"Clear","description":"clear
        sky","icon":"01d"}],"pop":0},{"dt":1664384400,"temp":74.71,"feels_like":73.06,"pressure":1019,"humidity":25,"dew_point":36.79,"uvi":4.27,"clouds":6,"visibility":10000,"wind_speed":2.01,"wind_deg":118,"wind_gust":2.59,"weather":[{"id":800,"main":"Clear","description":"clear
        sky","icon":"01d"}],"pop":0},{"dt":1664388000,"temp":78.21,"feels_like":76.71,"pressure":1018,"humidity":21,"dew_point":35.08,"uvi":5.68,"clouds":6,"visibility":10000,"wind_speed":4.09,"wind_deg":110,"wind_gust":4.23,"weather":[{"id":800,"main":"Clear","description":"clear
        sky","icon":"01d"}],"pop":0},{"dt":1664391600,"temp":81.3,"feels_like":79.27,"pressure":1017,"humidity":17,"dew_point":32.56,"uvi":6.18,"clouds":8,"visibility":10000,"wind_speed":5.77,"wind_deg":105,"wind_gust":5.21,"weather":[{"id":800,"main":"Clear","description":"clear
        sky","icon":"01d"}],"pop":0}],"daily":[{"dt":1664215200,"sunrise":1664196678,"sunset":1664239865,"moonrise":1664199120,"moonset":1664242140,"moon_phase":0.03,"temp":{"day":78.66,"min":58.98,"max":80.6,"night":68.56,"eve":79.63,"morn":59.49},"feels_like":{"day":77.16,"night":66.29,"eve":79.63,"morn":56.88},"pressure":1019,"humidity":20,"dew_point":34.27,"wind_speed":6.73,"wind_deg":76,"wind_gust":11.41,"weather":[{"id":801,"main":"Clouds","description":"few
        clouds","icon":"02d"}],"clouds":12,"pop":0,"uvi":6.52},{"dt":1664301600,"sunrise":1664283135,"sunset":1664326166,"moonrise":1664289480,"moonset":1664330040,"moon_phase":0.06,"temp":{"day":74.25,"min":61.11,"max":78.91,"night":63.91,"eve":69.33,"morn":61.65},"feels_like":{"day":72.3,"night":62.31,"eve":67.8,"morn":58.96},"pressure":1019,"humidity":20,"dew_point":30.97,"wind_speed":15.35,"wind_deg":245,"wind_gust":21.43,"weather":[{"id":803,"main":"Clouds","description":"broken
        clouds","icon":"04d"}],"clouds":64,"pop":0.52,"uvi":5.76},{"dt":1664388000,"sunrise":1664369591,"sunset":1664412467,"moonrise":1664380080,"moonset":1664418120,"moon_phase":0.1,"temp":{"day":78.21,"min":59.58,"max":83.62,"night":70.07,"eve":80.01,"morn":59.9},"feels_like":{"day":76.71,"night":68.23,"eve":78.64,"morn":57.99},"pressure":1018,"humidity":21,"dew_point":35.08,"wind_speed":12.12,"wind_deg":174,"wind_gust":20.54,"weather":[{"id":800,"main":"Clear","description":"clear
        sky","icon":"01d"}],"clouds":6,"pop":0.13,"uvi":6.18},{"dt":1664474400,"sunrise":1664456048,"sunset":1664498769,"moonrise":1664470800,"moonset":1664506500,"moon_phase":0.13,"temp":{"day":80.37,"min":64.09,"max":82.92,"night":67.15,"eve":74.73,"morn":64.58},"feels_like":{"day":78.76,"night":65.68,"eve":73.27,"morn":62.56},"pressure":1014,"humidity":19,"dew_point":34.74,"wind_speed":12.8,"wind_deg":173,"wind_gust":11.25,"weather":[{"id":500,"main":"Rain","description":"light
        rain","icon":"10d"}],"clouds":94,"pop":0.64,"rain":0.52,"uvi":5.37},{"dt":1664560800,"sunrise":1664542505,"sunset":1664585071,"moonrise":1664561580,"moonset":1664595360,"moon_phase":0.17,"temp":{"day":77.31,"min":58.53,"max":80.82,"night":58.53,"eve":64.76,"morn":62.73},"feels_like":{"day":75.87,"night":57.56,"eve":63.57,"morn":60.58},"pressure":1010,"humidity":24,"dew_point":37.54,"wind_speed":18.01,"wind_deg":28,"wind_gust":20.29,"weather":[{"id":500,"main":"Rain","description":"light
        rain","icon":"10d"}],"clouds":31,"pop":0.87,"rain":2.71,"uvi":5.13},{"dt":1664647200,"sunrise":1664628963,"sunset":1664671373,"moonrise":1664652300,"moonset":1664684820,"moon_phase":0.2,"temp":{"day":55.44,"min":54.93,"max":58.08,"night":54.93,"eve":56.26,"morn":56.43},"feels_like":{"day":54.45,"night":53.69,"eve":54.97,"morn":55.49},"pressure":1016,"humidity":80,"dew_point":48.97,"wind_speed":7.27,"wind_deg":353,"wind_gust":10.47,"weather":[{"id":501,"main":"Rain","description":"moderate
        rain","icon":"10d"}],"clouds":100,"pop":0.89,"rain":5.35,"uvi":6},{"dt":1664733600,"sunrise":1664715420,"sunset":1664757676,"moonrise":1664742660,"moonset":1664774880,"moon_phase":0.25,"temp":{"day":63.16,"min":52.5,"max":67.71,"night":59.34,"eve":67.01,"morn":53.11},"feels_like":{"day":61.61,"night":57.33,"eve":64.96,"morn":51.89},"pressure":1014,"humidity":52,"dew_point":45.07,"wind_speed":7.67,"wind_deg":16,"wind_gust":13.47,"weather":[{"id":500,"main":"Rain","description":"light
        rain","icon":"10d"}],"clouds":69,"pop":0.4,"rain":0.76,"uvi":6},{"dt":1664820000,"sunrise":1664801878,"sunset":1664843979,"moonrise":1664832480,"moonset":0,"moon_phase":0.28,"temp":{"day":62.33,"min":54.05,"max":65.37,"night":57.69,"eve":59.88,"morn":54.28},"feels_like":{"day":59.95,"night":55.45,"eve":57.83,"morn":52.52},"pressure":1021,"humidity":36,"dew_point":35.04,"wind_speed":18.25,"wind_deg":35,"wind_gust":23.42,"weather":[{"id":500,"main":"Rain","description":"light
        rain","icon":"10d"}],"clouds":88,"pop":0.4,"rain":1.07,"uvi":6}]}'
  recorded_at: Mon, 26 Sep 2022 20:24:52 GMT
recorded_with: VCR 6.1.0
